[backblue.gif]
[fade.gif]
[index.html]
[r.8b.io/26178/assets/images/jritech_logo_128x85.png]
[r.8b.io/26178/images/54e9dd414855ac14ea89857dc22e3-h_k4bfspho.jpg]
[r.8b.io/26178/images/57e3d5444850ab14ea89857dc22e3-h_k0xuvs87.jpg]
[app.8b.io/app/themes/webamp/projects/company/assets/images/background3.jpg]
[app.8b.io/app/themes/webamp/projects/company/assets/images/background4.jpg]
[cdn.ampproject.org/v0.js]
[cdn.ampproject.org/v0/amp-mustache-0.2.js]
[cdn.ampproject.org/v0/amp-analytics-0.1.js]
[cdn.ampproject.org/v0/amp-sidebar-0.1.js]
[jritech.8b.io/index.html]
[jritech.8b.io/manifest.json]
[cdn.ampproject.org/v0/amp-form-0.1.js]
[cdn.ampproject.org/v0/amp-iframe-0.1.js]
[cdn.ampproject.org/v0/amp-install-serviceworker-0.1.js]
[r.8b.io/26178/images/JRiTech32Logo-h_k04beozy-910x607.png]
[r.8b.io/26178/images/face1-h_k3itssbj.jpg]
[r.8b.io/26178/images/TP32Affiliate32Program-h_k04c3r1e-454x300.jpg]
[r.8b.io/26178/images/sss2-h_k04bleg8-177x106.png]
[r.8b.io/26178/images/57e7d7464956ac14ea89857dc22e3-h_k04ncfjd.jpg]
[jritech.8b.io/sw.js]
[jritech.8b.io/bzns.html]
[r.8b.io/26178/images/background1-h_k213a6hw.jpg]
[app.8b.io/app/themes/webamp/components/header1/presets/backgrounds/01.jpg]
[app.8b.io/app/themes/webamp/components/_images/background5.jpg]
[jritech.8b.io/sites.html]
[app.8b.io/app/themes/webamp/components/_images/background6.jpg]
[r.8b.io/26178/images/54e3d34b4e51ae14ea89857dc22e3-h_k0p9ujvn.jpg]
[r.8b.io/26178/images/55e2d14a4a54ae14ea89857dc22e3-h_k0p9nun6.png]
[r.8b.io/26178/images/55e8d3454d51b114a6d98478c12d3-h_k0p9mktz.jpg]
[r.8b.io/26178/images/face1-h_k4bg001o.jpg]
[r.8b.io/26178/images/LEMAGENCY32Logo-h_k2s27ep7-1050x601.jpg]
[r.8b.io/26178/images/sacmedia32logo-h_k05hzp43-1080x784.png]
[jritech.8b.io/plans.html]
[r.8b.io/26178/images/osmzlogo-h_k0xv45u5-700x700.png]
[r.8b.io/26178/images/hkm-h_k0xv5cbl-249x203.jpg]
[r.8b.io/26178/images/background4-h_k20fvmmy.jpg]
[app.8b.io/app/themes/webamp/components/info3/presets/backgrounds/03.jpg]
[jritech.8b.io/hosting.html]
[r.8b.io/26178/images/54e4d5414c51ab14ea89857dc22e3-h_k381lp8p.jpg]
[r.8b.io/26178/images/face1-h_k3iugqxt.jpg]
[r.8b.io/26178/images/face1-h_k380tiny.jpg]
[r.8b.io/26178/images/face2-h_k2uuf8zm.jpg]
[r.8b.io/26178/images/face1-h_k2uu6orv.jpg]
[r.8b.io/26178/images/face3-h_k2uugpf2.jpg]
[jritech.8b.io/standart.html]
[jritech.8b.io/business.html]
[jritech.8b.io/premium.html]
[app.8b.io/app/themes/webamp/components/_images/background1.jpg]
[cdn.ampproject.org/v0/amp-date-picker-0.1.js]
[app.8b.io/app/themes/webamp/components/pricing-table1/presets/backgrounds/1.jpg]
